[   .000000] Liuxversion4.5.0-65-generic (buildd@lgw01-md64006) (gccvesion 7.4.0 (Uunu 7.4.0-1butu1~18.04.)) #74-Ubntu SMP Tue ep17 17:06:04 UTC 209 Ubuntu 4.150-6574-generic 4.15.18)[    0.00000 Command line: OO_IMAGE=/bot/vmlnuz-4.15.-6-generic root=LABEL=coudimg-rootfsroconsole=ty1 consolettyS0
[    0.000000] KERNEL supported cpus:
[    0.000000]   Intel GenuineIntel
[    0.000000]   AMD AuthenticAMD
[    0.000000]   Centaur CentaurHauls
[    0.000000] x86/fpu: Supporting XSAVE feature 0x001: 'x87 floating point registers'
[    0.000000] x86/fpu: Supporting XSAVE feature 0x002: 'SSE registers'
[    0.000000] x86/fpu: Supporting XSAVE feature 0x004: 'AVX registers'
[    0.000000] x86/fpu: xstate_offset[2]:  576, xstate_sizes[2]:  256
[    0.000000] x86/fpu: Enabled xstate features 0x7, context size is 832 bytes, using 'standard' format.
[     0.000000] e820: BIOS-provided physical RAM map:
[    0.000000] BIOS-e820: [mem 0x0000000000000000-0x000000000009fbff] usable
[    0.000000] BIOS-e820: [mem 0x000000000009fc00-0x000000000009ffff] reserved
[    0.000000] BIOS-e820: [mem 0x00000000000f0000-0x00000000000fffff] reserved
[    0.000000] BIOS-e820: [mem 0x0000000000100000-0x000000003ffeffff] usable
[    0.000000] BIOS-e820: [mem 0x000000003fff0000-0x000000003fffffff] ACPI data
[    0.000000] BIOS-e820: [mem 0x00000000fec00000-0x00000000fec00fff] reserved
[    0.000000] BIOS-e820: [mem 0x00000000fee00000-0x00000000fee00fff] reserved
[    0.000000] BIOS-e820: [mem 0x00000000fffc0000-0x00000000ffffffff] reserved
[    0.000000] NX (Execute Disable) protection: active
[    0.000000] SMBIOS 2.5 present.
[    0.000000] DMI: innotek GmbH VirtualBox/VirtualBox, BIOS VirtualBox 12/01/2006
[    0.000000] Hypervisor detected: KVM
[    0.000000] e820: last_pfn = 0x3fff0 max_arch_pfn = 0x400000000
[    0.000000] MTRR: Disabled
[    0.000000] x86/PAT: MTRRs disabled, skipping PAT initialization too.
[    0.000000] CPU MTRRs all blank - virtualized system.
[    0.000000] x86/PAT: Configuration[0-7]:WB  WT  UC- UC  WB  WT  U- UC  
[    0.000000] found SMP MP-table at [mem 0x000ff0--0x0009ffff]
[   0.00000] canning 1 areas for lo memory corupion
[    0.000000] RAMDISK: [mem x3977000-0x36cb2ff
[    0.000000] ACPI: Erl table checkumverification disabled
[    0.000000] ACPI: RSDP 0x00000000000E0000 000024 (v02 VBOX  )
[    0.000000] ACPI: XSD 0x00000003FFF0030 0000C (v0 VBOX   VBOXXST 0000001 ASL 0000061)
[    0000000 API: FACP 0x000000003FFF00F0 0004 (v04 VBX  VBOXFACP 00000001 ASL  00000061)
[    0.000000] ACPI: DSDT 0x000000003FFF0470 0021FF (v02 VBOX   VBOXBIOS 00000002 INTL 20100528)
[    0.000000] ACPI: FACS 0x000000003FFF0200 000040
[    0.000000] ACPI: FACS 0x000000003FFF0200 000040
[    0.000000] ACPI: APIC 0x000000003FFF0240 00005C (v02 VBOX   VBOXAPIC 00000001 ASL  00000061)
[    0.000000] ACPI: SSDT 0x000000003FFF02A0 0001CC (v01 VBOX   VBOXCPUT 00000002 INTL 20100528)
[    0.000000] No NUMA configuration found
[    0.000000] Faking a node at [mem 0x0000000000000000-0x000000003ffeffff]
[    0.000000] NODE_DATA(0) allocated [mem 0x3ffc5000-0x3ffeffff]
[    0.000000] kvm-clock: cpu 0, msr 0:3ff44001, primary cpu clock
[    0.000000] kvm-clock: Using msrs 4b564d01 and 4b564d00
[    0.000000] kvm-clock: using sched offset of 4489062835 cycles
[    0.000000] clocksource: kvm-clock: mask: 0xffffffffffffffff max_cycles: 0x1cd42e4dffb, max_idle_ns: 881590591483 ns
[    0.000000] Zone ranges:
[    0.000000]   DMA      [mem 0x0000000000001000-0x0000000000ffffff]
[    0.000000]   DMA32    [mem 0x0000000001000000-0x000000003ffeffff]
[    0.000000]   Normal   empty
[    0.000000]   Device   empty
[    0.000000] Movable zone start for each node
[    0.000000] Early memory node ranges
[    0.000000]   node   0: [mem 0x0000000000001000-0x000000000009efff]
[    0.000000]   node   0: [mem 0x0000000000100000-0x000000003ffeffff]
[    0.000000] Reserved but unavailable: 98 pages
[    0.000000] Initmem setup node 0 [mem 0x0000000000001000-0x000000003ffeffff]
[    0.000000] ACPI: PM-Timer IO Port: 0x4008
[    0.000000] IOAPIC[0]: apic_id 2, version 32, address 0xfec00000, GSI 0-23
[    0.000000] ACPI: INT_SRC_OVR (bus 0 bus_irq 0 global_irq 2 dfl dfl)
[    0.000000] ACPI: INT_SRC_OVR (bus 0 bus_irq 9 global_irq 9 low level)
[    0.000000] Using ACPI (MADT) for SMP configuration information
[    0.000000] smpboot: Allowing 2 CPUs, 0 hotplug CPUs
[   0.00000] M:Registered nosave memory: [mem 0x00000000-0x00000fff]
[    0.000000] PM: Registered nosave mmory: [em 0x0009f000-0x0009fff
[    0.000000] M:Registred nsave memory: [mem x00a0000-0x000effff]
[    0.0000] PM: Registerd osave mmoy: [mem 0x000f0000-0x000fffff]
[    0.000000] e820 [me 0x40000000-0fefffff] aailable forPCI devices
[   .00000] ooting paravirtualized ernel on KVM
[   .000000] clocksourc: efinedjiffies: mask: 0xffffffff max_cycles: 0xffffffff, max_idle_ns: 7645519600211568 ns
[    0.000000] random: get_random_bytes called from start_kernel+0x99/0x4fd with crng_init=0
[    0.000000] setup_percpu: NR_CPUS:8192 nr_cpumask_bits:2 nr_cpu_ids:2 nr_node_ids:1
[    0.000000] percpu: Embedded 46 pages/cpu s151552 r8192 d28672 u1048576
[    0.000000] PV qspinlock hash table entries: 256 (order: 0, 4096 bytes)
[    0.000000] Built 1 zonelists, mobility grouping on.  Total pages: 257913
[    0.000000] Policy zone: DMA32
[    0.000000] Kernel command line: BOOT_IMAGE=/boot/vmlinuz-4.15.0-65-generic root=LABEL=cloudimg-rootfs ro console=tty1 console=ttyS0
[    0.000000] Memory: 982884K/1048120K available (12300K kernel code, 2481K rwdata, 4256K rodata, 2436K init, 2388K bss, 65236K reserved, 0K cma-reserved)
[    0.000000] SLUB: HWalign=64, Order=0-3, MinObjects=0, CPUs=2, Nodes=1
[    0.000000] Kernel/User page tables isolation: enabled
[    0.000000] ftrace: allocating 39301 entries in 154 pages
[    0.004000] Hierarchical RCU implementation.
[    0.004000] 	RCU restricting CPUs from NR_CPUS=8192 to nr_cpu_ids=2.
[    0.004000] 	Tasks RCU enabled.
[    0.004000] RCU: Adjusting geometry for rcu_fanout_leaf=16, nr_cpu_ids=2
[    0.004000] NR_IRQS: 524544, nr_irqs: 440, prellcated irqs: 16
[    0.004000] Console: clour VGA+ 8025
[   0.004000] console [tty1] enabled
[    0.004000] console [ttyS0] enabled
[    0.004000] ACPI: Core revision 20170831
[    0.004000] ACI:2 ACPI AM tbles successfll acquired and loaded
[   .004000] APIC: Switch to symmetric I/O mode setup
[    0.004270] x2apic enabled
[    0.008005] Switched APIC routing to physical x2apic.
[    0.013261] ..TIMER: vector=0x30 apic1=0 pin1=2 apic2=-1 pin2=-1
[    0.016004] tsc: Detected 2599.998 MHz processor
[    0.020012] Calibrating delay loop (skipped) preset value.. 5199.99 BogoMIPS (lpj=10399992)
[    0.024004] pid_max: default: 32768 minimum: 301
[    0.028035] Security Framework initialized
[    0.032004] Yama: becoming mindful.
[    0.036027] AppArmor: AppArmor initialized
[    0.041508] Dentry cache hash table entries: 131072 (order: 8, 1048576 bytes)
[    0.044082] Inode-cache hash table entries: 65536 (order: 7, 524288 bytes)
[    0.048018] Mount-cache hash table entries: 2048 (order: 2, 16384 bytes)
[    0.052009] Mountpoint-cache hash table entries: 2048 (order: 2, 16384 bytes)
[    0.056241] Last level iTLB entries: 4KB 1024, 2MB 1024, 4MB 1024
[    0.060003] Last level dTLB entries: 4KB 1024, 2MB 1024, 4MB 1024, 1GB 4
[    0.064003] Spectre V1 : Mitigation: usercopy/swapgs barriers and __user pointer sanitization
[    0.068003] Spectre V2 : Mitigation: Full generic retpoline
[    0.072002] Spectre V2 : Spectre v2 / SpectreRSB mitigation: Filling RSB on context switch
[    0.076003] Speculative Store Bypass: Vulnerable
[    0.080048] MDS: Vulnerable: Clear CPU buffers attempted, no microcode
[    0.084150] Freeing SMP alternatives memory: 36K
[    0.198191] smpboot: CPU0: Intel(R) Core(TM) i5-4278U CPU @ 2.60GHz (family: 0x6, model: 0x45, stepping: 0x1)
[    0.200133] Performance Events: unsupported p6 CPU model 69 no PMU driver, software events only.
[    0.204055] Hierarchical SRCU implementation.
[    0.209184] NMI watchdog: Perf event create on CPU 0 failed with -2
[    0.212034] NMI watchdog: Perf NMI watchdog permanently disabled
[    0.216140] smp: Bringing up secondary CPUs ...
[    0.218825] x86: Booting SMP configuration:
[    0.220004] .... node  #0, CPUs:      #1
[    0.004000] kvm-clock: cpu 1, msr 0:3ff44041, secondary cpu clock
[    0.235040] smp: Brought up 1 node, 2 CPUs
[    0.236117] smpboot: Max logical packages: 1
[    0.240008] smpboot: Total of 2 processors activated (10399.99 BogoMIPS)
[    0.244181] devtmpfs: initialized
[    0.248062] x86/mm: Memory block size: 128MB
[    0.252153] evm: security.selinux
[    0.253357] evm: security.SMACK64
[    0.256005] evm: security.SMACK64EXEC
[    0.260003] evm: security.SMACK64TRANSMUTE
[    0.264003] evm: security.SMACK64MMAP
[    0.268003] evm: security.apparmor
[    0.269523] evm: security.ima
[    0.272006] evm: security.capability
[    0.273388] clocksource: jiffies: mask: 0xffffffff max_cycles: 0xffffffff, max_idle_ns: 7645041785100000 ns
[    0.276019] futex hash table entries: 512 (order: 3, 32768 bytes)
[    0.281495] pinctrl core: initialized pinctrl subsystem
[    0.284134] RTC time:  3:08:43, date: 10/15/19
[    0.288199] NET: Registered protocol family 16
[    0.292081] audit: initializing netlink subsys (disabled)
[    0.296040] audit: type=2000 audit(1571108925.032:1): state=initialized audit_enabled=0 res=1
[    0.324045] cpuidle: using governor ladder
[    0.328009] cpuidle: using governor menu
[    0.332041] ACPI: bus type PCI registered
[    0.336004] acpiphp: ACPI Hot Plug PCI Controller Driver version: 0.5
[    0.344022] PCI: Using configuration type 1 for base access
[    0.348909] HugeTLB registered 2.00 MiB page size, pre-allocated 0 pages
[    0.352086] ACPI: Added _OSI(Module Device)
[    0.356004] ACPI: Added _OSI(Processor Device)
[    0.360003] ACPI: Added _OSI(3.0 _SCP Extensions)
[    0.364003] ACPI: Added _OSI(Processor Aggregator Device)
[    0.368004] ACPI: Added _OSI(Linux-Dell-Video)
[    0.372004] ACPI: Added _OSI(Linux-Lenovo-NV-HDMI-Audio)
[    0.376004] ACPI: Added _OSI(Linux-HPI-Hybrid-Graphics)
[    0.384286] ACPI: Executed 1 blocks of module-level executable AML code
[    0.394837] ACPI: Interpreter enabled
[    0.396017] ACPI: (supports S0 S5)
[    0.400004] ACPI: Using IOAPIC for interrupt routing
[    0.404222] PCI: Using host bridge windows from ACPI; if necessary, use "pci=nocrs" and report a bug
[    0.408246] ACPI: Enabled 2 GPEs in block 00 to 07
[    0.423321] ACPI: PCI Root Bridge [PCI0] (domain 0000 [bus 00-ff])
[    0.424011] acpi PNP0A03:00: _OSC: OS supports [ASPM ClockPM Segments MSI]
[    0.428033] acpi PNP0A03:00: _OSC: not requesting OS control; OS requires [ExtendedConfig ASPM ClockPM MSI]
[    0.432015] acpi PNP0A03:00: fail to add MMCONFIG information, can't access extended PCI configuration space under this bridge.
[    0.436515] PCI host bridge to bus 0000:00
[    0.440005] pci_bus 0000:00: root bus resource [io  0x0000-0x0cf7 window]
[    0.444013] pci_bus 0000:00: root bus resource [io  0x0d00-0xffff window]
[    0.448005] pci_bus 0000:00: root bus resource [mem 0x000a0000-0x000bffff window]
[    0.452006] pci_bus 0000:00: root bus resource [mem 0x40000000-0xfdffffff window]
[    0.456005] pci_bus 0000:00: root bus resource [bus 00-ff]
[    0.468479] pci 0000:00:01.1: legacy IDE quirk: reg 0x10: [io  0x01f0-0x01f7]
[    0.470950] pci 0000:00:01.1: legacy IDE quirk: reg 0x14: [io  0x03f6]
[    0.472004] pci 0000:00:01.1: legacy IDE quirk: reg 0x18: [io  0x0170-0x0177]
[    0.476004] pci 0000:00:01.1: legacy IDE quirk: reg 0x1c: [io  0x0376]
[    0.504266] pci 0000:00:07.0: quirk: [io  0x4000-0x403f] claimed by PIIX4 ACPI
[    0.508026] pci 0000:00:07.0: quirk: [io  0x4100-0x410f] claimed by PIIX4 SMB
[    0.529629] ACPI: PCI Interrupt Link [LNKA] (IRQs 5 9 10 *11)
[    0.536173] ACPI: PCI Interrupt Link [LNKB] (IRQs 5 9 *10 11)
[    0.540167] ACPI: PCI Interrupt Link [LNKC] (IRQs 5 *9 10 11)
[    0.544167] ACPI: PCI Interrupt Link [LNKD] (IRQs 5 9 10 *11)
[    0.548422] SCSI subsystem initialized
[    0.552056] pci 0000:00:02.0: vgaarb: setting as boot VGA device
[    0.556000] pci 0000:00:02.0: vgaarb: VGA device added: decodes=io+mem,owns=io+mem,locks=none
[    0.556013] pci 0000:00:02.0: vgaarb: bridge control possible
[    0.557476] vgaarb: loaded
[    0.558564] ACPI: bus type USB registered
[    0.560031] usbcore: registered new interface driver usbfs
[    0.561434] usbcore: registered new interface driver hub
[    0.563393] usbcore: registered new device driver usb
[    0.564082] EDAC MC: Ver: 3.0.0
[    0.565671] PCI: Using ACPI for IRQ routing
[    0.568437] NetLabel: Initializing
[    0.569676] NetLabel:  domain hash size = 128
[    0.572003] NetLabel:  protocols = UNLABELED CIPSOv4 CALIPSO
[    0.574053] NetLabel:  unlabeled traffic allowed by default
[    0.576129] clocksource: Switched to clocksource kvm-clock
[    0.601030] VFS: Disk quotas dquot_6.6.0
[    0.603326] VFS: qut-ace hash table ntie: 12(ode 0 496byes
   099188]AppArmo: pprmorFilesystem Enabed
[   .2975]pnp: PP CP iit
[   .4315]pn: nPACPI: found 3 devices

[    1.687886] clocksource: acpi_pm: mask: 0xffffff max_cycles: 0xffffff, max_idle_ns: 2085701024 ns
[    1.692498] NET: Registered protocol family 2
[    1.695576] TCP established hash table entres: 19 (rdr:4, 6536byes

[    1.952774] CP bind hash table enris:812 orer: 5 1102 yts)
[   .28599]TCP: as tbles onigured (etalihe 892bind8192)
[   .6419]UDP hash table entries: 512 (order: 2, 16384 bytes)
[    2.762217] UDP-Lite hash table entries: 512 (order: 2, 16384 bytes)
[    2.764512] NET: Registered protocol family 1
[    2.765671] pci 0000:00:00.0: Limiting direct PCI/PCI transfers
[    2.767162] pci 0000:00:01.0: Activating ISA DMA hang workarounds
[    2.768894] pc 0000:00:02.0: Video device with shadowed ROM at [mem 0x000c0000-0x000dffff]
[    2.818323] Unpacking initramfs...

[    3.112108] Freeing initrd memory: 19696K
[    3.132636] clocksource: tsc: mask: 0xffffffffffffffff max_cycles: 0x257a3a7b45f, max_idle_ns: 440795312762 ns
[    3.205699] platform rtc_cmos: registered platform RTC device (no PNP device found)
[    3.260949] Scanning for low memory corruption every 60 seconds
[    3.309802] Initialise system trusted keyrings
[    3.320869] Key type blacklist registered
[    3.336934] workingset: timestamp_bits=36 max_order=18 bucket_order=0
[    3.365129] zbud: loaded
[    3.377453] squashfs: version 4.0 (2009/01/31) Phillip Lougher
[    3.404626] fuse init (API version 7.26)
[    3.425478] Key type asymmetric registered
[    3.426524] Asymmetric key parser 'x509' registered
[    3.427760] Block layer SCSI generic (bsg) driver version 0.4 loaded (major 246)
[    3.429785] io scheduler noop registered
[    3.430796] io scheduler deadline registered
[    3.431902] io scheduler cfq registered (default)
[    3.433712] ACPI: AC Adapter [AC] (off-line)
[    3.452055] input: Power Button as /devices/LNXSYSTM:00/LNXPWRBN:00/input/input0
[    3.481018] ACPI: Power Button [PWRF]
[    3.492790] input: Sleep Button as /devices/LNXSYSTM:00/LNXSLPBN:00/input/input1
[    3.502390] ACPI: Sleep Button [SLPF]
[    3.506768] ACPI: Battery Slot [BAT0] (battery present)
[    3.508568] Serial: 8250/16550 driver, 32 ports, IRQ sharing enabled
[    3.538795] 00:02: ttyS0 at I/O 0x3f8 (irq = 4, base_baud = 115200) is a 16550A
[    3.557688] Linux agpgart interface v0.103
[    3.584674] loop: module loaded
[    3.591519] scsi host0: ata_piix
[    3.622419] scsi host1: ata_piix
[    3.636367] ata1: PATA max UDMA/33 cmd 0x1f0 ctl 0x3f6 bmdma 0xd000 irq 14
[    3.663114] ata2: PATA max UDMA/33 cmd 0x170 ctl 0x376 bmdma 0xd008 irq 15
[    3.670752] libphy: Fixed MDIO Bus: probed
[    3.685010] tun: Universal TUN/TAP device driver, 1.6
[    3.686887] PPP generic driver version 2.4.2
[    3.688460] ehci_hcd: USB 2.0 'Enhanced' Host Controller (EHCI) Driver
[    3.709298] ehci-pci: EHCI PCI platform driver
[    3.744945] ehci-platform: EHCI generic platform driver
[    3.768631] ohci_hcd: USB 1.1 'Open' Host Controller (OHCI) Driver
[    3.812191] ohci-pci: OHCI PCI platform driver
[    3.843420] ohci-platform: OHCI generic platform driver
[    3.856083] uhci_hcd: USB Universal Host Controller Interface driver
[    3.857792] i8042: PNP: PS/2 Controller [PNP0303:PS2K,PNP0f03:PS2M] at 0x60,0x64 irq 1,12
[    3.861315] serio: i8042 KBD port at 0x60,0x64 irq 1
[    3.863162] serio: i8042 AUX port at 0x60,0x64 irq 12
[    3.865078] mousedev: PS/2 mouse device common for all mice
[    3.867293] input: AT Translated Set 2 keyboard as /devices/platform/i8042/serio0/input/input2
[    3.870916] rtc_cmos rtc_cmos: rtc core: registered rtc_cmos as rtc0
[    3.873251] rtc_cmos rtc_cmos: alarms up to one day, 114 bytes nvram
[    3.883909] i2c /dev entries driver
[    3.886077] device-mapper: uevent: version 1.0.3
[    3.888867] device-mapper: ioctl: 4.37.0-ioctl (2017-09-20) initialised: dm-devel@redhat.com
[    3.893436] ledtrig-cpu: registered to indicate activity on CPUs
[    3.898149] NET: Registered protocol family 10
[    3.909318] Segment Routing with IPv6
[    3.911327] NET: Registered protocol family 17
[    3.914195] Key type dns_resolver registered
[    3.917883] mce: Using 0 MCE banks
[    3.919894] RAS: Correctable Errors collector initialized.
[    3.923191] sched_clock: Marking stable (3923129537, 0)->(8943643264, -5020513727)
[    3.931031] registered taskstats version 1
[    3.934697] Loading compiled-in X.509 certificates
[    3.941967] Loaded X.509 cert 'Build time autogenerated kernel key: 3a65b6a3c8b5d6b297d77c25be9161529933bc49'
[    3.947899] zswap: loaded using pool lzo/zbud
[    3.956889] Key type big_key registered
[    3.976700] Key type trusted registered
[    3.998692] Key type encrypted registered
[    4.012688] AppArmor: AppArmor sha1 policy hashing enabled
[    4.044517] ima: No TPM chip found, activating TPM-bypass! (rc=-19)
[    4.057432] ima: Allocated hash algorithm: sha1
[    4.060614] evm: HMAC attrs: 0x1
[    4.065764]   Magic number: 7:531:108
[    4.067394] rtc_cmos rtc_cmos: setting system clock to 2019-10-15 03:08:47 UTC (1571108927)
[    4.085032] BIOS EDD facility v0.16 2004-Jun-25, 0 devices found
[    4.116866] EDD information not available.
[    4.131349] Freeing unused kernel image memory: 2436K
[    4.168471] Write protecting the kernel read-only data: 20480k
[    4.207197] Freeing unused kernel image memory: 2008K
[    4.237177] Freeing unused kernel image memory: 1888K
[    4.259930] x86/mm: Checked W+X mappings: passed, no W+X pages found.
[    4.266291] x86/mm: Checking user space page tables
[    4.277753] x86/mm: Checked W+X mappings: passed, no W+X pages found.
Loading, please wait...
starting version 237
[    4.380644] e1000: Intel(R) PRO/1000 Network Driver - version 7.3.21-k8-NAPI
[    4.382479] e1000: Copyright (c) 1999-2006 Intel Corporation.
[    4.398925] Fusion MPT base driver 3.04.20
[    4.400498] Copyright (c) 1999-2008 LSI Corporation
[    4.421300] vboxvideo: loading out-of-tree module taints kernel.
[    4.423029] vboxvideo: module verification failed: signature and/or required key missing - tainting kernel
[    4.426359] AVX2 version of gcm_enc/dec engaged.
[    4.427609] AES CTR mode by8 optimization enabled
[    4.434095] Fusion MPT SPI Host driver 3.04.20
[    4.616472] input: ImExPS/2 Generic Explorer Mouse as /devices/platform/i8042/serio1/input/input4
[    4.814257] e1000 0000:00:03.0 eth0: (PCI:33MHz:32-bit) 02:82:7a:7b:51:94
[    5.470289] e1000 0000:00:03.0 eth0: Intel(R) PRO/1000 Network Connection
[    5.894986] e1000 0000:00:08.0 eth1: (PCI:33MHz:32-bit) 08:00:27:c6:f4:33
[    6.239842] e1000 0000:00:08.0 eth1: Intel(R) PRO/1000 Network Connection
[    6.939014] e1000 0000:00:03.0 enp0s3: renamed from eth0
[    6.940630] mptbase: ioc0: Initiating bringup
[    6.956790] e1000 0000:00:08.0 enp0s8: renamed from eth1
[    7.041688] ioc0: LSI53C1030 A0: Capabilities={Initiator}
[    7.315863] scsi host2: ioc0: LSI53C1030 A0, FwRev=00000000h, Ports=1, MaxQ=256, IRQ=20
[    7.485630] scsi 2:0:0:0: Direct-Access     VBOX     HARDDISK         1.0  PQ: 0 ANSI: 5
[    7.494235] [drm] VRAM 01000000
[    7.497855] [TTM] Zone  kernel: Available graphics memory: 504474 kiB
[    7.500079] [TTM] Initializing pool allocator
[    7.501649] [TTM] Initializing DMA pool allocator
[    7.504904] fbcon: vboxdrmfb (fb0) is primary device
[    7.506626] Console: switching to colour frame buffer device 100x37
[    7.561838] vboxvideo 0000:00:02.0: fb0: vboxdrmfb frame buffer device
[    7.588509] scsi target2:0:0: Beginning Domain Validation
[    7.608138] scsi target2:0:0: Domain Validation skipping write tests
[    7.616686] [drm] Initialized vboxvideo 1.0.0 20130823 for 0000:00:02.0 on minor 0
[    7.617473] scsi target2:0:0: Ending Domain Validation
[    7.621641] scsi target2:0:0: asynchronous
[    7.633866] scsi 2:0:1:0: Direct-Access     VBOX     HARDDISK         1.0  PQ: 0 ANSI: 5
[    7.696234] scsi target2:0:1: Beginning Domain Validation
[    7.734722] random: fast init done
[    8.077051] scsi target2:0:1: Domain Validation skipping write tests
[    8.078381] scsi target2:0:1: Ending Domain Validation
[    8.079759] scsi target2:0:1: asynchronous
[    8.119062] random: systemd-udevd: uninitialized urandom read (16 bytes read)
[    8.120810] random: systemd-udevd: uninitialized urandom read (16 bytes read)
[    8.122477] random: systemd-udevd: uninitialized urandom read (16 bytes read)
[    8.124531] sd 2:0:0:0: Attached scsi generic sg0 type 0
[    8.124642] sd 2:0:0:0: [sda] 20971520 512-byte logical blocks: (10.7 GB/10.0 GiB)
[    8.127103] sd 2:0:1:0: Attached scsi generic sg1 type 0
[    8.129176] sd 2:0:0:0: [sda] Write Protect is off
[    8.133221] sd 2:0:0:0: [sda] Incomplete mode parameter data
[    8.152007] sd 2:0:0:0: [sda] Assuming drive cache: write through
[    8.152078] sd 2:0:1:0: [sdb] 20480 512-byte logical blocks: (10.5 MB/10.0 MiB)
[    8.157213] sd 2:0:1:0: [sdb] Write Protect is off
[    8.158478]  sda: sda1
[    8.162393] sd 2:0:1:0: [sdb] Incomplete mode parameter data
[    8.163392] sd 2:0:0:0: [sda] Attached SCSI disk
[    8.165688] sd 2:0:1:0: [sdb] Assuming drive cache: write through
[    8.200061] sd 2:0:1:0: [sdb] Attached SCSI disk
Begin: Loading essential drivers ... [    8.456621] raid6: sse2x1   gen() 10335 MB/s
[    8.516215] raid6: sse2x1   xor()  7310 MB/s
[    8.588272] raid6: sse2x2   gen() 12327 MB/s
[    8.656239] raid6: sse2x2   xor()  8005 MB/s
[    8.712268] raid6: sse2x4   gen() 14376 MB/s
[    8.780287] raid6: sse2x4   xor()  8895 MB/s
[    8.848247] raid6: avx2x1   gen() 20085 MB/s
[    8.908239] raid6: avx2x1   xor() 13542 MB/s
[    8.964248] raid6: avx2x2   gen() 21292 MB/s
[    9.032229] raid6: avx2x2   xor() 14045 MB/s
[    9.100242] raid6: avx2x4   gen() 26032 MB/s
[    9.156305] raid6: avx2x4   xor() 16649 MB/s
[    9.176759] raid6: using algorithm avx2x4 gen() 26032 MB/s
[    9.188883] raid6: .... xor() 16649 MB/s, rmw enabled
[    9.208674] raid6: using avx2x2 recovery algorithm
[    9.230381] xor: automatically using best checksumming function   avx       
[    9.246581] async_tx: api initialized (async)
done.
Begin: Running /scripts/init-premount ... done.
Begin: Mounting root file system ... Begin: Running /scripts/local-top ... done.
Begin: Running /scripts/local-premount ... [    9.302751] Btrfs loaded, crc32c=crc32c-intel
Scanning for Btrfs filesystems
done.
Warning: fsck not present, so skipping root file[    9.346615] EXT4-fs (sda1): INFO: recovery required on readonly filesystem
 system
[    9.376082] EXT4-fs (sda1): write access will be enabled during recovery
[    9.422156] EXT4-fs (sda1): orphan cleanup on readonly fs
[    9.424260] EXT4-fs (sda1): 1 orphan inode deleted
[    9.426172] EXT4-fs (sda1): recovery complete
[    9.428910] EXT4-fs (sda1): mounted filesystem with ordered data mode. Opts: (null)
done.
Begin: Running /scripts/local-bottom ... done.
Begin: Running /scripts/init-bottom ... done.
[    9.697747] ip_tables: (C) 2000-2006 Netfilter Core Team
[    9.713624] systemd[1]: systemd 237 running in system mode. (+PAM +AUDIT +SELINUX +IMA +APPARMOR +SMACK +SYSVINIT +UTMP +LIBCRYPTSETUP +GCRYPT +GNUTLS +ACL +XZ +LZ4 +SECCOMP +BLKID +ELFUTILS +KMOD -IDN2 +IDN -PCRE2 default-hierarchy=hybrid)
[    9.880286] systemd[1]: Detected virtualization oracle.
[    9.907019] systemd[1]: Detected architecture x86-64.

Welcome to [1mUbuntu 18.04.3 LTS[0m!

[    9.973158] systemd[1]: Set hostname to <ubuntu-bionic>.
[   10.378282] systemd[1]: Set up automount Arbitrary Executable File Formats File System Automount Point.
[[0;32m  OK  [0m] Set up automount Arbitrary Executabâ€¦rmats File System Automount Point.
[   11.428034] systemd[1]: Created slice User and Session Slice.
[[0;32m  OK  [0m] Created slice User and Session Slice.
[   12.262282] systemd[1]: Created slice System Slice.
[[0;32m  OK  [0m] Created slice System Slice.
[   13.016139] systemd[1]: Listening on udev Control Socket.
[[0;32m  OK  [0m] Listening on udev Control Socket.
[   13.465112] systemd[1]: Created slice system-serial\x2dgetty.slice.
[[0;32m  OK  [0m] Created slice system-serial\x2dgetty.slice.
[   14.486624] systemd[1]: Listening on Journal Socket (/dev/log).
[[0;32m  OK  [0m] Listening on Journal Socket (/dev/log).
[   15.520891] systemd[1]: Listening on LVM2 metadata daemon socket.
[[0;32m  OK  [0m] Listening on LVM2 metadata daemon socket.
[   16.504841] systemd[1]: Listening on Journal Socket.
[[0;32m  OK  [0m] Listening on Journal Socket.
[   17.208408] systemd[1]: Starting Create list of required static device nodes for the current kernel...
         Starting Create list of required stâ€¦ce nodes for the current kernel...
[   17.227400] systemd[1]: Starting Remount Root and Kernel File Systems...
         Starting Remount Root and Kernel File Systems...
[   17.240684] systemd[1]: Starting Set the console keyboard layout...
         Starting Set the console keyboard layout...
[   17.251377] EXT4-fs (sda1): re-mounted. Opts: (null)
[   17.270147] systemd[1]: Starting Load Kernel Modules...
         Starting Load Kernel Modules...
[   17.289907] systemd[1]: Mounting Kernel Debug File System...
         Mountin[   17.298233] Loading iSCSI transport class v2.0-870.
g Kernel Debug File System...
[   17.329738] systemd[1]: Mounting POSIX Message Queue File System...
         Mounting POSIX Message [   17.339784] iscsi: registered transport (tcp)
Queue File System...
[   17.358320] systemd[1]: Listening on Network Service Netlink Socket.
[[0;32m  OK  [0m] Listening on Network Service Netlink Socket.
[   17.382233] systemd[1]: Starting Uncomplicated firewall...
         Starting Uncomplicated firewall...
[[0;32m  OK  [0m] Listening on LVM2 poll daemon socket.
[[0;32m  OK  [0m] Listening on /dev/initctl Compatibility Named Pipe.
[[0;32m  OK  [0m] Started Forward Password Requests to Wall Directory Watch.
[[0;32m  OK  [0m] Reached target Swap.
[[0;32m  OK  [0m] Reached target System Time Synchronized.
[[0;32m  OK  [0m] Listening on Syslog Socket.
[[0;32m  OK  [0m] Listening on Journal Audit Socket.
         Mounting Huge Pages File System...
[[0;32m  OK  [0m] Listening on udev Kernel Sock[   17.421226] iscsi: registered transport (iser)
et.
         Starting udev Coldplug all Devices...
[[0;32m  OK  [0m] Listening on Device-mapper event daemon FIFOs.
         Starting Monitoring of LVM2 mirrorsâ€¦ng dmeventd or progress polling...
[[0;32m  OK  [0m] Reached target Slices.
         Starting Journal Service...
[[0;32m  OK  [0m] Reached target User and Group Name Lookups.
[[0;32m  OK  [0m] Started Create list of required staâ€¦vice nodes for the current kernel.
[[0;32m  OK  [0m] Started Remount Root and Kernel File Systems.
[[0;32m  OK  [0m] Started Load Kernel Modules.
[[0;32m  OK  [0m] Mounted Kernel Debug File System.
[[0;32m  OK  [0m] Mounted POSIX Message Queue File System.
[[0;32m  OK  [0m] Started Uncomplicated firewall.
[[0;32m  OK  [0m] Mounted Huge Pages File System.
[[0;32m  OK  [0m] Started LVM2 metadata daemon.
         Mounting Kernel Configuration File System...
         Starting Apply Kernel Variables...
         Mounting FUSE Control File System...
         Starting Load/Save Random Seed...
         Starting Create Static Device Nodes in /dev...
[[0;32m  OK  [0m] Started Set the console keyboard layout.
[[0;32m  OK  [0m] Started Monitoring of LVM2 mirrors,â€¦sing dmeventd or progress polling.
[[0;32m  OK  [0m] Mounted Kernel Configuration File System.
[[0;32m  OK  [0m] Mounted FUSE Control File System.
[[0;32m  OK  [0m] Started Load/Save Random Seed.
[[0;32m  OK  [0m] Started Apply Kernel Variables.
[[0;32m  OK  [0m] Started Journal Service.
         Starting Flush Journal to Persistent Storage...
[[0;32m  OK  [0m] Started Create Static Device Nodes in /dev.
[[0;32m  OK  [0m] Reached target Local File Systems (Pre).
[[0;32m  OK  [0m] Reached target Local File Systems.
         Starting Set console font and keymap...
         Starting Tell Plymouth To Write Out Runtime Data...
         Starting AppArmor initialization...
         Starting ebtables ruleset management...
         Starting udev Kernel Device Manager...
[[0;32m  OK  [0m] Started udev Coldplug all Devices.
[[0;32m  OK  [0m] Started Set console font and keymap.
[[0;32m  OK  [0m] Started Tell Plymouth To Write Out Runtime Data.
[[0;32m  OK  [0m] Started udev Kernel Device Manager.
[[0;32m  OK  [0m] Started Dispatch Password Requests to Console Directory Watch.
[[0;32m  OK  [0m] Reached target Local Encrypted Volumes.
[[0;32m  OK  [0m] Started ebtables ruleset management.
[[0;32m  OK  [0m] Started Flush Journal to Persistent Storage.
         Starting Create Volatile Files and Directories...
[[0;32m  OK  [0m] Started Create Volatile Files and Directories.
         Starting Update UTMP about System Boot/Shutdown...
[[0;32m  OK  [0m] Started Update UTMP about System Boot/Shutdown.
[[0;32m  OK  [0m] Started AppArmor initialization.
         Starting Initial cloud-init job (pre-networking)...
[[0;32m  OK  [0m] Found device /dev/ttyS0.
[[0;32m  OK  [0m] Listening on Load/Save RF Kill Switch Status /dev/rfkill Watch.
[   19.554395] cloud-init[498]: Cloud-init v. 19.2-36-g059d049c-0ubuntu1~18.04.1 running 'init-local' at Tue, 15 Oct 2019 03:09:02 +0000. Up 19.28 seconds.
[[0;32m  OK  [0m] Started Initial cloud-init job (pre-networking).
[[0;32m  OK  [0m] Reached target Network (Pre).
         Starting Network Service...
[[0;32m  OK  [0m] Started Network Service.
         Starting Network Name Resolution...
         Starting Wait for Network to be Configured...
[[0;32m  OK  [0m] Started Network Name Resolution.
[[0;32m  OK  [0m] Reached target Host and Network Name Lookups.
[[0;32m  OK  [0m] Reached target Network.
[[0;32m  OK  [0m] Started Wait for Network to be Configured.
         Starting Initial cloud-init job (metadata service crawler)...
[   21.648869] cloud-init[684]: Cloud-init v. 19.2-36-g059d049c-0ubuntu1~18.04.1 running 'init' at Tue, 15 Oct 2019 03:09:04 +0000. Up 21.41 seconds.
[   21.668985] cloud-init[684]: ci-info: ++++++++++++++++++++++++++++++++++++++Net device info+++++++++++++++++++++++++++++++++++++++
[   21.748537] cloud-init[684]: ci-info: +--------+------+-----------------------------+---------------+--------+-------------------+
[   21.781716] cloud-init[684]: ci-info: | Device |  Up  |           Address           |      Mask     | Scope  |     Hw-Address    |
[   21.811796] cloud-init[684]: ci-info: +--------+------+-----------------------------+---------------+--------+-------------------+
[   21.848425] cloud-init[684]: ci-info: | enp0s3 | True |          10.0.2.15          | 255.255.255.0 | global | 02:82:7a:7b:51:94 |
[   21.852669] cloud-init[684]: ci-info: | enp0s3 | True |  fe80::82:7aff:fe7b:5194/64 |       .       |  link  | 02:82:7a:7b:51:94 |
[   21.874899] cloud-init[684]: ci-info: | enp0s8 | True |        192.168.33.10        | 255.255.255.0 | global | 08:00:27:c6:f4:33 |
[   21.885373] cloud-init[684]: ci-info: | enp0s8 | True | fe80::a00:27ff:fec6:f433/64 |       .       |  link  | 08:00:27:c6:f4:33 |
[   21.908324] cloud-init[684]: ci-info: |   lo   | True |          127.0.0.1          |   255.0.0.0   |  host  |         .         |
[   21.924614] cloud-init[684]: ci-info: |   lo   | True |           ::1/128           |       .       |  host  |         .         |
[   21.940759] cloud-init[684]: ci-info: +--------+------+-----------------------------+---------------+--------+-------------------+
[   21.961078] cloud-init[684]: ci-info: +++++++++++++++++++++++++++++Route IPv4 info+++++++++++++++++++++++++++++
[   21.971720] cloud-init[684]: ci-info: +-------+--------------+----------+-----------------+-----------+-------+
[   21.983230] cloud-init[684]: ci-info: | Route | Destination  | Gateway  |     Genmask     | Interface | Flags |
[   21.986798] cloud-init[684]: ci-info: +-------+--------------+----------+-----------------+-----------+-------+
[   21.992105] cloud-init[684]: ci-info: |   0   |   0.0.0.0    | 10.0.2.2 |     0.0.0.0     |   enp0s3  |   UG  |
[   21.995269] cloud-init[684]: ci-info: |   1   |   10.0.2.0   | 0.0.0.0  |  255.255.255.0  |   enp0s3  |   U   |
[   21.998298] cloud-init[684]: ci-info: |   2   |   10.0.2.2   | 0.0.0.0  | 255.255.255.255 |   enp0s3  |   UH  |
[   22.001259] cloud-init[684]: ci-info: |   3   | 192.168.33.0 | 0.0.0.0  |  255.255.255.0  |   enp0s8  |   U   |
[   22.004100] cloud-init[684]: ci-info: +-------+--------------+----------+-----------------+-----------+-------+
[   22.007040] cloud-init[684]: ci-info: +++++++++++++++++++Route IPv6 info+++++++++++++++++++
[   22.009677] cloud-init[684]: ci-info: +-------+-------------+---------+-----------+-------+
[   22.024615] cloud-init[684]: ci-info: | Route | Destination | Gateway | Interface | Flags |
[   22.029782] cloud-init[684]: ci-info: +-------+-------------+---------+-----------+-------+
[[0;32m  OK  [0m] Started Initial cloud-init job (metadata service crawler).
[[0;32m  OK  [0m] Reached target Cloud-config availability.
[   22.054047] cloud-init[684]: ci-info: |   1   |  fe80::/64  |    ::   |   enp0s8  |   U   |
[[   22.104302] cloud-init[684]: ci-info: |   2   |  fe80::/64  |    ::   |   enp0s3  |   U   |
[   22.104503] cloud-init[684]: ci-info: |   4   |    local    |    ::   |   enp0s3  |   U   |
[   22.105399] cloud-init[684]: ci-info: |   5   |    local    |    ::   |   enp0s8  |   U   |
[   22.106218] cloud-init[684]: ci-info: |   6   |   ff00::/8  |    ::   |   enp0s8  |   U   |
[   22.107048] cloud-init[684]: ci-info: |   7   |   ff00::/8  |    ::   |   enp0s3  |   U   |
[0;32m  OK  [0m] Reached target System Initialization.
[   22.107878] [[0;32m  OK  [0m] Started Discard unused blocks once a week.
cloud-init[684]: ci-info: +-------+-------------+---------+-----------+-------+
[[0;32m  OK  [0m] Started ACPI Events Check.
[[0;32m  OK  [0m] Started Message of the Day.
[[0;32m  OK  [0m] Reached target Paths.
         Starting Socket activation for snappy daemon.
[[0;32m  OK  [0m] Listening on Open-iSCSI iscsid Socket.
[[0;32m  OK  [0m] Started Daily Cleanup of Temporary Directories.
[[0;32m  OK  [0m] Listening on ACPID Listen Socket.
[[0;32m  OK  [0m] Listening on UUID daemon activation socket.
[[0;32m  OK  [0m] Started Daily apt download activities.
[[0;32m  OK  [0m] Started Daily apt upgrade and clean activities.
[[0;32m  OK  [0m] Reached target Timers.
         Starting LXD - unix socket.
[[0;32m  OK  [0m] Listening on D-Bus System Message Bus Socket.
[[0;32m  OK  [0m] Reached target Network is Online.
         Starting Availability of block devices...
[[0;32m  OK  [0m] Reached target Remote File Systems (Pre).
[[0;32m  OK  [0m] Reached target Remote File Systems.
[[0;32m  OK  [0m] Listening on Socket activation for snappy daemon.
[[0;32m  OK  [0m] Listening on LXD - unix socket.
[[0;32m  OK  [0m] Started Availability of block devices.
[[0;32m  OK  [0m] Reached target Sockets.
[[0;32m  OK  [0m] Reached target Basic System.
[[0;32m  OK  [0m] Started FUSE filesystem for LXC.
         Starting Permit User Sessions...
         Starting LSB: automatic crash report generation...
         Starting LXD - container startup/shutdown...
         Starting vboxadd.service...
         Starting System Logging Service...
[[0;32m  OK  [0m] Started Deferred execution scheduler.
         Starting Message of the Day...
[[0;32m  OK  [0m] Started irqbalance daemon.
         Starting Snappy daemon...
         Starting Login Service...
         Starting LSB: Record successful boot for GRUB...
         Starting Dispatcher daemon for systemd-networkd...
[[0;32m  OK  [0m] Started D-Bus System Message Bus.
[[0;32m  OK  [0m] Started Login Service.
[[0;32m  OK  [0m] Started Unattended Upgrades Shutdown.
         Starting OpenBSD Secure Shell server...
         Starting Accounts Service...
[[0;32m  OK  [0m] Started Regular background program processing daemon.
[[0;32m  OK  [0m] Started System Logging Service.
[[0;32m  OK  [0m] Started Permit User Sessions.
[[0;32m  OK  [0m] Started LXD - container startup/shutdown.
         Starting Terminate Plymouth Boot Screen...
         Starting Hold until boot process finishes up...
[[0;32m  OK  [0m] Started Hold until boot process finishes up.
[[0;32m  OK  [0m] Started Terminate Plymouth Boot Screen.
         Starting Set console scheme...
[[0;32m  OK  [0m] Started Serial Getty on ttyS0.
[[0;32m  OK  [0m] Started Set console scheme.
[[0;32m  OK  [0m] Created slice system-getty.slice.
[[0;32m  OK  [0m] Started Getty on tty1.
[[0;32m  OK  [0m] Reached target Login Prompts.
         Starting Authorization Manager...
[[0;32m  OK  [0m] Started OpenBSD Secure Shell server.
[[0;32m  OK  [0m] Started LSB: automatic crash report generation.
[[0;32m  OK  [0m] Started Authorization Manager.
[[0;32m  OK  [0m] Started Accounts Service.
[[0;32m  OK  [0m] Started LSB: Record successful boot for GRUB.
[[0;32m  OK  [0m] Started Dispatcher daemon for systemd-networkd.
[[0;32m  OK  [0m] Started vboxadd.service.
[[0;32m  OK  [0m] Started Snappy daemon.
         Starting Wait until snapd is fully seeded...
         Starting vboxadd-service.service...
[[0;32m  OK  [0m] Started Wait until snapd is fully seeded.
[[0;32m  OK  [0m] Started vboxadd-service.service.
         Starting Apply the settings specified in cloud-config...
[[0;32m  OK  [0m] Reached target Multi-User System.
[[0;32m  OK  [0m] Reached target Graphical Interface.
         Starting Update UTMP about System Runlevel Changes...
[[0;32m  OK  [0m] Started Update UTMP about System Runlevel Changes.
[[0;32m  OK  [0m] Created slice User Slice of vagrant.
         Starting User Manager for UID 1000...
[[0;32m  OK  [0m] Started Session 1 of user vagrant.
[[0;32m  OK  [0m] Started User Manager for UID 1000.
[   24.520730] cloud-init[1159]: Cloud-init v. 19.2-36-g059d049c-0ubuntu1~18.04.1 running 'modules:config' at Tue, 15 Oct 2019 03:09:07 +0000. Up 24.37 seconds.
[[0;32m  OK  [0m] Started Apply the settings specified in cloud-config.
         Starting Execute cloud user/final scripts...
[[0;32m  OK  [0m] Started Message of the Day.
[   25.269206] cloud-init[1247]: Cloud-init v. 19.2-36-g059d049c-0ubuntu1~18.04.1 running 'modules:final' at Tue, 15 Oct 2019 03:09:08 +0000. Up 25.06 seconds.
[   25.288969] cloud-init[1247]: Cloud-init v. 19.2-36-g059d049c-0ubuntu1~18.04.1 finished at Tue, 15 Oct 2019 03:09:08 +0000. Datasource DataSourceNoCloud [seed=/dev/sdb][dsmode=net].  Up 25.25 seconds
[[0;32m  OK  [0m] Started Execute cloud user/final scripts.
[[0;32m  OK  [0m] Reached target Cloud-init target.

Ubuntu 18.04.3 LTS ubuntu-bionic ttyS0

ubuntu-bionic login: [59538.501667] general protection fault: 0000 [#1] SMP PTI
[59538.508290] Modules linked in: vboxsf(OE) isofs input_leds serio_raw video vboxguest(OE) sch_fq_codel ib_iser rdma_cm iw_cm ib_cm ib_core iscsi_tcp libiscsi_tcp libiscsi scsi_transport_iscsi ip_tables x_tables autofs4 btrfs zstd_compress raid10 raid456 async_raid6_recov async_memcpy async_pq async_xor async_tx xor raid6_pq libcrc32c raid1 raid0 multipath linear crct10dif_pclmul crc32_pclmul ghash_clmulni_intel pcbc mptspi scsi_transport_spi mptscsih vboxvideo(OE) drm_kms_helper aesni_intel syscopyarea sysfillrect sysimgblt aes_x86_64 fb_sys_fops crypto_simd ttm glue_helper cryptd psmouse drm mptbase e1000
[59538.571638] CPU: 1 PID: 6384 Comm: puma 002 Tainted: G           OE    4.15.0-65-generic #74-Ubuntu
[59538.576855] Hardware name: innotek GmbH VirtualBox/VirtualBox, BIOS VirtualBox 12/01/2006
[59538.578691] RIP: 0010:__kmalloc+0xc9/0x220
[59538.579539] RSP: 0018:ffff9fff02d4f580 EFLAGS: 00010282
[59538.580674] RAX: 0000000000000000 RBX: 951aede769b751f7 RCX: 0000000000427861
[59538.582602] RDX: 0000000000427860 RSI: 0000000000000000 RDI: 00000000000270e0
[59538.584746] RBP: ffff9fff02d4f5b0 R08: ffff924cbb5fd500 R09: ffff924cbe003500
[59538.587244] R10: 0000000000000058 R11: 6ae57fabd2e884f7 R12: ffff924cbb5fd500
[59538.589420] R13: 00000000014002c0 R14: 0000000000000068 R15: ffff924cbe003500
[59538.591355] FS:  00007fc8b0275700(0000) GS:ffff924cbfd00000(0000) knlGS:0000000000000000
[59538.593584] CS:  0010 DS: 0000 ES: 0000 CR0: 0000000080050033
[59538.595150] CR2: 00007fc87aa12010 CR3: 000000003c264003 CR4: 00000000000606e0
[59538.597162] Call Trace:
[59538.597884]  ? rtR0MemAllocEx+0x18b/0x220 [vboxguest]
[59538.616599]  rtR0MemAllocEx+0x18b/0x220 [vboxguest]
[59538.635817]  VBoxGuest_RTMemAllocZTag+0x2a/0x60 [vboxguest]
[59538.660756]  rtR0MemObjNew+0x37/0x70 [vboxguest]
[59538.681161]  rtR0MemObjNativeLockKernel+0x82/0x480 [vboxguest]
[59538.704727]  VBoxGuest_RTR0MemObjLockKernelTag+0xa4/0xc0 [vboxguest]
[59538.736781]  VbglR0HGCMInternalCall+0x4c8/0xf10 [vboxguest]
[59538.766029]  ? vgdrvHgcmAsyncWaitCallbackWorker+0x210/0x210 [vboxguest]
[59538.788187]  ? VBoxGuest_RTMemFree+0x22/0x30 [vboxguest]
[59538.808358]  ? __switch_to_asm+0x41/0x70
[59538.831507]  ? __switch_to_asm+0x35/0x70
[59538.844188]  ? __switch_to_asm+0x41/0x70
[59538.857330]  ? __switch_to_asm+0x35/0x70
[59538.859004]  ? __switch_to_asm+0x41/0x70
[59538.877309]  ? __switch_to_asm+0x35/0x70
[59538.888514]  ? __switch_to_asm+0x41/0x70
[59538.898523]  ? __switch_to_asm+0x35/0x70
[59538.905252]  ? __switch_to_asm+0x41/0x70
[59538.906853]  ? __switch_to_asm+0x35/0x70
[59538.911365]  ? __switch_to_asm+0x41/0x70
[59538.937272]  ? __switch_to_asm+0x35/0x70
[59538.951728]  ? __switch_to_asm+0x41/0x70
[59538.954391]  ? __switch_to_asm+0x35/0x70
[59538.957274]  ? __switch_to_asm+0x41/0x70
[59538.973270]  ? __switch_to_asm+0x35/0x70
[59538.989594]  ? __switch_to_asm+0x41/0x70
[59539.008475]  ? __switch_to_asm+0x35/0x70
[59539.029026]  ? __switch_to_asm+0x41/0x70
[59539.049382]  ? __switch_to_asm+0x35/0x70
[59539.054099]  vgdrvIoCtl_HGCMCallWrapper+0x1d3/0x2e0 [vboxguest]
[59539.060992]  VGDrvCommonIoCtl+0x375/0x1950 [vboxguest]
[59539.081473]  ? __schedule+0x256/0x880
[59539.082850]  VBoxGuestIDC+0x149/0x160 [vboxguest]
[59539.086673]  VbglR0IdcCallRaw+0x13/0x20 [vboxsf]
[59539.094339]  VbglR0HGCMCallRaw+0x44/0xa0 [vboxsf]
[59539.115614]  VbglR0HGCMCall+0x12/0x20 [vboxsf]
[59539.121979]  VbglR0SfCreate+0xaf/0xd0 [vboxsf]
[59539.123552]  sf_stat+0x66/0x110 [vboxsf]
[59539.137549]  sf_inode_revalidate+0x8c/0xe0 [vboxsf]
[59539.156639]  sf_dentry_revalidate+0x13/0x30 [vboxsf]
[59539.164786]  d_revalidate.part.18+0x10/0x20
[59539.179581]  lookup_fast+0x307/0x320
[59539.191688]  walk_component+0x49/0x470
[59539.208219]  link_path_walk+0x1bc/0x5a0
[59539.225020]  ? path_init+0x180/0x310
[59539.238543]  path_lookupat+0x56/0x1f0
[59539.240973]  ? VBoxGuestIDC+0x149/0x160 [vboxguest]
[59539.265055]  filename_lookup+0xb6/0x190
[59539.266419]  ? __check_object_size+0xc8/0x1b0
[59539.267954]  ? strncpy_from_user+0x4d/0x150
[59539.281146]  user_path_at_empty+0x36/0x40
[59539.298180]  ? user_path_at_empty+0x36/0x40
[59539.310614]  vfs_statx+0x76/0xe0
[59539.325840]  ? _cond_resched+0x19/0x40
[59539.345652]  ? dput.part.26+0x36/0x200
[59539.356435]  SYSC_newstat+0x3d/0x70
[59539.372373]  ? SyS_rename+0xf3/0x3c0
[59539.384022]  SyS_newstat+0xe/0x10
[59539.401336]  do_syscall_64+0x73/0x130
[59539.421002]  entry_SYSCALL_64_after_hwframe+0x3d/0xa2
[59539.430556] RIP: 0033:0x7fc8b8482775
[59539.448045] RSP: 002b:00007fc8b026c418 EFLAGS: 00000246 ORIG_RAX: 0000000000000004
[59539.453042] RAX: ffffffffffffffda RBX: 0000000000000001 RCX: 00007fc8b8482775
[59539.457942] RDX: 00007fc8b026c4d0 RSI: 00007fc8b026c4d0 RDI: 00007fc8787f31d0
[59539.461739] RBP: 00005612633df418 R08: 0000000000000000 R09: 00007fc8b8c05eb0
[59539.487650] R10: 0000000000000000 R11: 0000000000000246 R12: 0000561264523050
[59539.504971] R13: 00007fc8b0275680 R14: 00007fc8b87f45c0 R15: 00007fc8b026c4a0
[59539.509959] Code: 4d 01 e0 4d 8b 18 4d 33 99 40 01 00 00 4c 89 c3 4c 31 db 65 48 0f c7 0f 0f 94 c0 84 c0 74 ac 4d 39 d8 74 14 49 63 41 20 48 01 c3 <48> 33 1b 49 33 99 40 01 00 00 0f 18 0b 41 f7 c5 00 80 00 00 0f 
[59539.541185] RIP: __kmalloc+0xc9/0x220 RSP: ffff9fff02d4f580
[59539.542886] ---[ end trace 3ec229c84d7a32a1 ]---
[59548.020467] general protection fault: 0000 [#2] SMP PTI
[59548.038135] Modules linked in: vboxsf(OE) isofs input_leds serio_raw video vboxguest(OE) sch_fq_codel ib_iser rdma_cm iw_cm ib_cm ib_core iscsi_tcp libiscsi_tcp libiscsi scsi_transport_iscsi ip_tables x_tables autofs4 btrfs zstd_compress raid10 raid456 async_raid6_recov async_memcpy async_pq async_xor async_tx xor raid6_pq libcrc32c raid1 raid0 multipath linear crct10dif_pclmul crc32_pclmul ghash_clmulni_intel pcbc mptspi scsi_transport_spi mptscsih vboxvideo(OE) drm_kms_helper aesni_intel syscopyarea sysfillrect sysimgblt aes_x86_64 fb_sys_fops crypto_simd ttm glue_helper cryptd psmouse drm mptbase e1000
[59548.284538] CPU: 1 PID: 840 Comm: irqbalance Tainted: G      D    OE    4.15.0-65-generic #74-Ubuntu
[59548.330810] Hardware name: innotek GmbH VirtualBox/VirtualBox, BIOS VirtualBox 12/01/2006
[59548.345946] RIP: 0010:kmem_cache_alloc_trace+0x85/0x1b0
[59548.387925] RSP: 0018:ffff9fff00a13b88 EFLAGS: 00010282
[59548.438152] RAX: 951aede769b751f7 RBX: 951aede769b751f7 RCX: 0000000000427862
[59548.497844] RDX: 0000000000427861 RSI: 00000000014080c0 RDI: 00000000000270e0
[59548.582988] RBP: ffff9fff00a13bc0 R08: ffff924cbfd270e0 R09: 0000000000000000
[59548.653948] R10: 0000000000000000 R11: ffff924cbbb54840 R12: 00000000014080c0
[59548.747969] R13: ffff924cbe003500 R14: 951aede769b751f7 R15: ffff924cbe003500
[59548.821290] FS:  00007fecf8a78f00(0000) GS:ffff924cbfd00000(0000) knlGS:0000000000000000
[59548.851228] CS:  0010 DS: 0000 ES: 0000 CR0: 0000000080050033
[59548.917665] CR2: 00007fc87aa12010 CR3: 000000003be28002 CR4: 00000000000606e0
[59548.968646] Call Trace:
[59548.977942]  ? seq_open+0x34/0xa0
[59549.008043]  ? seq_read+0x430/0x430
[59549.060231]  seq_open+0x34/0xa0
[59549.106475]  interrupts_open+0x18/0x20
[59549.144342]  proc_reg_open+0x75/0x130
[59549.147705]  do_dentry_open+0x21d/0x370
[59549.150125]  ? __inode_permission+0x5b/0x160
[59549.162177]  ? proc_get_link+0x50/0x50
[59549.183303]  vfs_open+0x4f/0x80
[59549.190652]  path_openat+0x6c8/0x1960
[59549.192774]  ? compat_poll_select_copy_remaining+0x130/0x130
[59549.213572]  do_filp_open+0x9b/0x110
[59549.215662]  ? dentry_free+0x3f/0x90
[59549.219843]  ? __check_object_size+0xc8/0x1b0
[59549.222010]  ? __alloc_fd+0xb2/0x170
[59549.224169]  do_sys_open+0x1bb/0x2c0
[59549.225759]  ? do_sys_open+0x1bb/0x2c0
[59549.231691]  SyS_openat+0x14/0x20
[59549.233987]  do_syscall_64+0x73/0x130
[59549.246493]  entry_SYSCALL_64_after_hwframe+0x3d/0xa2
[59549.248542] RIP: 0033:0x7fecf7838d19
[59549.250707] RSP: 002b:00007fff77271a70 EFLAGS: 00000293 ORIG_RAX: 0000000000000101
[59549.253603] RAX: ffffffffffffffda RBX: 000055e2795b1290 RCX: 00007fecf7838d19
[59549.256144] RDX: 0000000000000000 RSI: 000055e277b28155 RDI: 00000000ffffff9c
[59549.258780] RBP: 000055e277b26ac6 R08: 0000000000000000 R09: 00004669814ce947
[59549.264538] R10: 0000000000000000 R11: 0000000000000293 R12: 0000000000000008
[59549.270255] R13: 000055e277b26ac6 R14: 000055e2795bf8d0 R15: 00007fecf865c280
[59549.273422] Code: f2 3b 63 49 83 78 10 00 4d 8b 30 0f 84 f2 00 00 00 4d 85 f6 0f 84 e9 00 00 00 49 63 5f 20 49 8b 3f 48 8d 4a 01 4c 89 f0 4c 01 f3 <48> 33 1b 49 33 9f 40 01 00 00 65 48 0f c7 0f 0f 94 c0 84 c0 74 
[59549.307652] RIP: kmem_cache_alloc_trace+0x85/0x1b0 RSP: ffff9fff00a13b88
[59549.313743] ---[ end trace 3ec229c84d7a32a2 ]---
[59549.920622] general protection fault: 0000 [#3] SMP PTI
[59549.924387] Modules linked in: vboxsf(OE) isofs input_leds serio_raw video vboxguest(OE) sch_fq_codel ib_iser rdma_cm iw_cm ib_cm ib_core iscsi_tcp libiscsi_tcp libiscsi scsi_transport_iscsi ip_tables x_tables autofs4 btrfs zstd_compress raid10 raid456 async_raid6_recov async_memcpy async_pq async_xor async_tx xor raid6_pq libcrc32c raid1 raid0 multipath linear crct10dif_pclmul crc32_pclmul ghash_clmulni_intel pcbc mptspi scsi_transport_spi mptscsih vboxvideo(OE) drm_kms_helper aesni_intel syscopyarea sysfillrect sysimgblt aes_x86_64 fb_sys_fops crypto_simd ttm glue_helper cryptd psmouse drm mptbase e1000
[59550.052032] CPU: 1 PID: 6387 Comm: puma 005 Tainted: G      D    OE    4.15.0-65-generic #74-Ubuntu
[59550.080483] Hardware name: innotek GmbH VirtualBox/VirtualBox, BIOS VirtualBox 12/01/2006
[59550.105744] RIP: 0010:__kmalloc+0xa1/0x220
[59550.107474] RSP: 0018:ffff9fff02d67580 EFLAGS: 00010282
[59550.121338] RAX: 951aede769b751f7 RBX: 0000000000000000 RCX: 0000000000427862
[59550.151138] RDX: 0000000000427861 RSI: 0000000000000000 RDI: 00000000000270e0
[59550.177056] RBP: ffff9fff02d675b0 R08: 951aede769b751f7 R09: ffff924cbe003500
[59550.191190] R10: 0000000000000058 R11: ffff9fff02d679e0 R12: 951aede769b751f7
[59550.216589] R13: 00000000014002c0 R14: 0000000000000068 R15: ffff924cbe003500
[59550.245715] FS:  00007fc89bbfb700(0000) GS:ffff924cbfd00000(0000) knlGS:0000000000000000
[59550.281140] CS:  0010 DS: 0000 ES: 0000 CR0: 0000000080050033
[59550.319946] CR2: 00007fc87aa12010 CR3: 000000003c264003 CR4: 00000000000606e0
[59550.345740] Call Trace:
[59550.347185]  ? rtR0MemAllocEx+0x18b/0x220 [vboxguest]
[59550.365205]  rtR0MemAllocEx+0x18b/0x220 [vboxguest]
[59550.383841]  VBoxGuest_RTMemAllocZTag+0x2a/0x60 [vboxguest]
[59550.405051]  rtR0MemObjNew+0x37/0x70 [vboxguest]
[59550.417492]  rtR0MemObjNativeLockKernel+0x82/0x480 [vboxguest]
[59550.440155]  VBoxGuest_RTR0MemObjLockKernelTag+0xa4/0xc0 [vboxguest]
[59550.474230]  VbglR0HGCMInternalCall+0x4c8/0xf10 [vboxguest]
[59550.479440]  ? vgdrvHgcmAsyncWaitCallbackWorker+0x210/0x210 [vboxguest]
[59550.506618]  ? __switch_to_asm+0x35/0x70
[59550.529202]  ? __update_load_avg_se.isra.37+0x1c0/0x1d0
[59550.549376]  ? __update_load_avg_se.isra.37+0x1c0/0x1d0
[59550.568728]  ? __switch_to_asm+0x41/0x70
[59550.584020]  ? __switch_to_asm+0x35/0x70
[59550.601640]  ? __switch_to_asm+0x41/0x70
[59550.627701]  ? __switch_to_asm+0x35/0x70
[59550.633842]  ? __switch_to_asm+0x41/0x70
[59550.649758]  ? __switch_to_asm+0x35/0x70
[59550.665935]  ? __switch_to_asm+0x41/0x70
[59550.678593]  ? __switch_to_asm+0x35/0x70
[59550.688857]  ? __switch_to_asm+0x41/0x70
[59550.690429]  ? __switch_to_asm+0x35/0x70
[59550.703863]  ? __switch_to_asm+0x41/0x70
[59550.719827]  ? __switch_to_asm+0x35/0x70
[59550.735897]  ? __switch_to_asm+0x41/0x70
[59550.752836]  ? __switch_to_asm+0x35/0x70
[59550.777181]  ? __switch_to_asm+0x41/0x70
[59550.787572]  ? __switch_to_asm+0x35/0x70
[59550.799273]  ? __switch_to_asm+0x41/0x70
[59550.807889]  ? __switch_to_asm+0x35/0x70
[59550.816183]  ? __switch_to_asm+0x41/0x70
[59550.818753]  ? __switch_to_asm+0x35/0x70
[59550.821833]  vgdrvIoCtl_HGCMCallWrapper+0x1d3/0x2e0 [vboxguest]
[59550.824077]  VGDrvCommonIoCtl+0x375/0x1950 [vboxguest]
[59550.828407]  ? __schedule+0x256/0x880
[59550.832745]  VBoxGuestIDC+0x149/0x160 [vboxguest]
[59550.847968]  VbglR0IdcCallRaw+0x13/0x20 [vboxsf]
[59550.852633]  VbglR0HGCMCallRaw+0x44/0xa0 [vboxsf]
[59550.861830]  VbglR0HGCMCall+0x12/0x20 [vboxsf]
[59550.863654]  VbglR0SfCreate+0xaf/0xd0 [vboxsf]
[59550.876220]  sf_stat+0x66/0x110 [vboxsf]
[59550.880314]  sf_inode_revalidate+0x8c/0xe0 [vboxsf]
[59550.886592]  ? check_preempt_curr+0x2d/0x90
[59550.892001]  ? ttwu_do_wakeup+0x1e/0x140
[59550.906598]  sf_dentry_revalidate+0x13/0x30 [vboxsf]
[59550.913787]  d_revalidate.part.18+0x10/0x20
[59550.916828]  lookup_fast+0x307/0x320
[59550.924260]  walk_component+0x49/0x470
[59550.926299]  link_path_walk+0x1bc/0x5a0
[59550.934542]  ? path_init+0x180/0x310
[59550.944034]  path_lookupat+0x56/0x1f0
[59550.950332]  ? __switch_to_asm+0x41/0x70
[59550.958107]  filename_lookup+0xb6/0x190
[59550.969315]  ? __switch_to_asm+0x41/0x70
[59550.984097]  ? __switch_to_asm+0x35/0x70
[59550.998243]  ? __switch_to_asm+0x41/0x70
[59551.002413]  ? __switch_to_asm+0x35/0x70
[59551.008589]  ? __check_object_size+0xc8/0x1b0
[59551.017482]  ? strncpy_from_user+0x4d/0x150
[59551.022232]  user_path_at_empty+0x36/0x40
[59551.032148]  ? user_path_at_empty+0x36/0x40
[59551.034112]  vfs_statx+0x76/0xe0
[59551.041651]  ? kmem_cache_free+0x1b3/0x1e0
[59551.042755]  SYSC_newstat+0x3d/0x70
[59551.043723]  ? SyS_rename+0xf3/0x3c0
[59551.044833]  SyS_newstat+0xe/0x10
[59551.045766]  do_syscall_64+0x73/0x130
[59551.046856]  entry_SYSCALL_64_after_hwframe+0x3d/0xa2
[59551.048249] RIP: 0033:0x7fc8b8482775
[59551.050130] RSP: 002b:00007fc89bbf2878 EFLAGS: 00000246 ORIG_RAX: 0000000000000004
[59551.058892] RAX: ffffffffffffffda RBX: 0000000000000001 RCX: 00007fc8b8482775
[59551.061238] RDX: 00007fc89bbf2930 RSI: 00007fc89bbf2930 RDI: 00007fc8881a7b60
[59551.063682] RBP: 0000561264ab1d38 R08: 0000000000000000 R09: 00007fc8b8c05eb0
[59551.065565] R10: 0000000000000000 R11: 0000000000000246 R12: 00005612633dfc90
[59551.078019] R13: 00007fc89bbfb680 R14: 00007fc8b87f45c0 R15: 00007fc89bbf2900
[59551.079761] Code: d8 3b 63 49 83 78 10 00 4d 8b 20 0f 84 19 01 00 00 4d 85 e4 0f 84 10 01 00 00 4d 63 41 20 49 8b 39 48 8d 4a 01 4c 89 e0 4d 01 e0 <4d> 8b 18 4d 33 99 40 01 00 00 4c 89 c3 4c 31 db 65 48 0f c7 0f 
[59551.092877] RIP: __kmalloc+0xa1/0x220 RSP: ffff9fff02d67580
[59551.094470] ---[ end trace 3ec229c84d7a32a3 ]---
[59597.930463] general protection fault: 0000 [#4] SMP PTI
[59597.938366] Modules linked in: vboxsf(OE) isofs input_leds serio_raw video vboxguest(OE) sch_fq_codel ib_iser rdma_cm iw_cm ib_cm ib_core iscsi_tcp libiscsi_tcp libiscsi scsi_transport_iscsi ip_tables x_tables autofs4 btrfs zstd_compress raid10 raid456 async_raid6_recov async_memcpy async_pq async_xor async_tx xor raid6_pq libcrc32c raid1 raid0 multipath linear crct10dif_pclmul crc32_pclmul ghash_clmulni_intel pcbc mptspi scsi_transport_spi mptscsih vboxvideo(OE) drm_kms_helper aesni_intel syscopyarea sysfillrect sysimgblt aes_x86_64 fb_sys_fops crypto_simd ttm glue_helper cryptd psmouse drm mptbase e1000
[59598.009138] CPU: 1 PID: 1 Comm: systemd Tainted: G      D    OE    4.15.0-65-generic #74-Ubuntu
[59598.019471] Hardware name: innotek GmbH VirtualBox/VirtualBox, BIOS VirtualBox 12/01/2006
[59598.028127] RIP: 0010:kmem_cache_alloc_trace+0x85/0x1b0
[59598.035330] RSP: 0018:ffff9fff00197b88 EFLAGS: 00010282
[59598.039137] RAX: 951aede769b751f7 RBX: 951aede769b751f7 RCX: 0000000000427862
[59598.055189] RDX: 0000000000427861 RSI: 00000000014080c0 RDI: 00000000000270e0
[59598.062279] RBP: ffff9fff00197bc0 R08: ffff924cbfd270e0 R09: 0000000000000000
[59598.071632] R10: 0000000000000000 R11: 0000000000000006 R12: 00000000014080c0
[59598.075639] R13: ffff924cbe003500 R14: 951aede769b751f7 R15: ffff924cbe003500
[59598.079084] FS:  00007f16973b1e00(0000) GS:ffff924cbfd00000(0000) knlGS:0000000000000000
[59598.101119] CS:  0010 DS: 0000 ES: 0000 CR0: 0000000080050033
[59598.107621] CR2: 00007fc87aa12010 CR3: 000000003db22006 CR4: 00000000000606e0
[59598.115407] Call Trace:
[59598.116542]  ? seq_open+0x34/0xa0
[59598.127890]  seq_open+0x34/0xa0
[59598.131263]  ? sched_show+0x70/0x70
[59598.134774]  single_open+0x61/0xa0
[59598.153885]  proc_single_open+0x1b/0x20
[59598.163594]  do_dentry_open+0x21d/0x370
[59598.167255]  ? __inode_permission+0x5b/0x160
[59598.176087]  ? sched_open+0x20/0x20
[59598.187346]  vfs_open+0x4f/0x80
[59598.200029]  path_openat+0x6c8/0x1960
[59598.218473]  ? sock_recvmsg+0x43/0x50
[59598.232918]  do_filp_open+0x9b/0x110
[59598.257851]  ? ep_scan_ready_list.constprop.17+0x204/0x210
[59598.278312]  ? __check_object_size+0xc8/0x1b0
[59598.294773]  ? __alloc_fd+0xb2/0x170
[59598.304897]  do_sys_open+0x1bb/0x2c0
[59598.310845]  ? do_sys_open+0x1bb/0x2c0
[59598.322848]  SyS_openat+0x14/0x20
[59598.327190]  do_syscall_64+0x73/0x130
[59598.344969]  entry_SYSCALL_64_after_hwframe+0x3d/0xa2
[59598.358276] RIP: 0033:0x7f1696ec2c8e
[59598.368096] RSP: 002b:00007ffcce44e8b0 EFLAGS: 00000246 ORIG_RAX: 0000000000000101
[59598.376522] RAX: ffffffffffffffda RBX: 000055cf3f05e530 RCX: 00007f1696ec2c8e
[59598.391538] RDX: 0000000000080000 RSI: 00007ffcce44e9b0 RDI: 00000000ffffff9c
[59598.394106] RBP: 00007f1696ac0358 R08: 0000000000000000 R09: 00007f1696ac035a
[59598.402786] R10: 0000000000000000 R11: 0000000000000246 R12: 0000000000000008
[59598.417779] R13: 00007f1696ac0358 R14: 00000000000001a7 R15: 00007ffcce44f290
[59598.429595] Code: f2 3b 63 49 83 78 10 00 4d 8b 30 0f 84 f2 00 00 00 4d 85 f6 0f 84 e9 00 00 00 49 63 5f 20 49 8b 3f 48 8d 4a 01 4c 89 f0 4c 01 f3 <48> 33 1b 49 33 9f 40 01 00 00 65 48 0f c7 0f 0f 94 c0 84 c0 74 
[59598.498515] RIP: kmem_cache_alloc_trace+0x85/0x1b0 RSP: ffff9fff00197b88
[59598.507926] ---[ end trace 3ec229c84d7a32a4 ]---
[59598.511267] systemd: 35 output lines suppressed due to ratelimiting
[59598.543376] Kernel panic - not syncing: Attempted to kill init! exitcode=0x0000000b
[59598.543376] 
[59598.549308] Kernel Offset: 0x1ba00000 from 0xffffffff81000000 (relocation range: 0xffffffff80000000-0xffffffffbfffffff)
[59598.580836] ---[ end Kernel panic - not syncing: Attempted to kill init! exitcode=0x0000000b
[59598.580836] 
